---
source: crates/ferrochart-overlay/tests/it/report.rs
expression: "replay(&overlay, &revised).to_string()"
---
Layout replay for template "openEHR-EHR-OBSERVATION.ferro_tied_alternatives.v1"
The template identifier names no release, so which revision this is depends on what the server held.
1 authored entry: 0 kept, 1 needing a decision, 0 no longer in the form.
8 nodes with no layout yet.

Needs a decision (1)
  reordered Weight, as recorded
      at /[openEHR-EHR-OBSERVATION.ferro_tied_alternatives.v1, OBSERVATION]/protocol[at0005, ITEM_TREE]
      This layout was placed by position among 2 lookalike nodes, and they are not the ones it was placed against. Confirm where it goes.

No layout yet (8)
  Ferro tied alternatives (/[openEHR-EHR-OBSERVATION.ferro_tied_alternatives.v1, OBSERVATION])
  History (/[openEHR-EHR-OBSERVATION.ferro_tied_alternatives.v1, OBSERVATION]/data[at0001, HISTORY])
  Any event (/[openEHR-EHR-OBSERVATION.ferro_tied_alternatives.v1, OBSERVATION]/data[at0001, HISTORY]/events[at0002, POINT_EVENT])
  Tree (/[openEHR-EHR-OBSERVATION.ferro_tied_alternatives.v1, OBSERVATION]/data[at0001, HISTORY]/events[at0002, POINT_EVENT]/data[at0003, ITEM_TREE])
  A reading (/[openEHR-EHR-OBSERVATION.ferro_tied_alternatives.v1, OBSERVATION]/data[at0001, HISTORY]/events[at0002, POINT_EVENT]/data[at0003, ITEM_TREE]/items[at0004, ELEMENT])
  Told apart by content (/[openEHR-EHR-OBSERVATION.ferro_tied_alternatives.v1, OBSERVATION]/protocol[at0005, ITEM_TREE]/items[at0006, ELEMENT])
  Told apart by content (/[openEHR-EHR-OBSERVATION.ferro_tied_alternatives.v1, OBSERVATION]/protocol[at0005, ITEM_TREE, #1]/items[at0006, ELEMENT])
  Only in the first (/[openEHR-EHR-OBSERVATION.ferro_tied_alternatives.v1, OBSERVATION]/protocol[at0005, ITEM_TREE, #1]/items[at0007, ELEMENT, #1])
