---
source: crates/ferrochart-overlay/tests/it/wire.rs
expression: json
---
{
  "format_version": 2,
  "template": {
    "id": "openEHR-EHR-OBSERVATION.ferro_tied_alternatives.v1",
    "id_form": "partial_hrid"
  },
  "sections": [],
  "entries": [
    {
      "key": {
        "steps": [
          {
            "rm_attribute": "",
            "node_id": "at0000",
            "archetype_id": "openEHR-EHR-OBSERVATION.ferro_tied_alternatives.v1",
            "rm_type": "OBSERVATION",
            "pinned_name": null,
            "sibling_ordinal": 0
          },
          {
            "rm_attribute": "protocol",
            "node_id": "at0005",
            "archetype_id": null,
            "rm_type": "ITEM_TREE",
            "pinned_name": null,
            "sibling_ordinal": 0
          }
        ],
        "is_positional": true
      },
      "rm_type": "ITEM_TREE",
      "anchor": {
        "tied_siblings": [
          "0/protocol[at0005, ITEM_TREE]:ITEM_TREE;1/items[at0006, ELEMENT]:DV_TEXT;1/items[at0007, ELEMENT, #1]:DV_TEXT;1/items[at0008, ELEMENT, #2]:DV_TEXT;",
          "0/protocol[at0005, ITEM_TREE, #1]:ITEM_TREE;1/items[at0006, ELEMENT]:DV_TEXT;"
        ]
      },
      "layout": {
        "order": null,
        "section": null,
        "label": {
          "en": "Weight"
        },
        "help": {},
        "default": null,
        "visibility": {
          "visibility": "always"
        },
        "widget": null,
        "geometry": {
          "span": null,
          "break_before": false,
          "width": null
        },
        "hints": {}
      }
    }
  ]
}
