---
source: crates/ferrochart-compile/tests/it/snapshot.rs
expression: form
---
{
  "format_version": 2,
  "template_id": "Phone - JM Work",
  "default_language": "en",
  "languages": [
    "en"
  ],
  "root": {
    "key": {
      "steps": [
        {
          "rm_attribute": "",
          "node_id": "at0000",
          "archetype_id": "openEHR-EHR-CLUSTER.electronic_communication.v1",
          "rm_type": "CLUSTER",
          "pinned_name": "Phone - work number",
          "sibling_ordinal": 0
        }
      ],
      "is_positional": false
    },
    "rm_type": "CLUSTER",
    "archetype_id": "openEHR-EHR-CLUSTER.electronic_communication.v1",
    "label": {
      "en": "Electronic communication"
    },
    "help": {
      "en": "Details about a specified type of electronic communication."
    },
    "occurrences": {
      "minimum": 1,
      "maximum": 1
    },
    "shape": "cluster",
    "name_constraint": null,
    "is_ordered": false,
    "is_unique": false,
    "is_deprecated": false,
    "items": [
      {
        "field": {
          "key": {
            "steps": [
              {
                "rm_attribute": "",
                "node_id": "at0000",
                "archetype_id": "openEHR-EHR-CLUSTER.electronic_communication.v1",
                "rm_type": "CLUSTER",
                "pinned_name": "Phone - work number",
                "sibling_ordinal": 0
              },
              {
                "rm_attribute": "items",
                "node_id": "at0001",
                "archetype_id": null,
                "rm_type": "ELEMENT",
                "pinned_name": null,
                "sibling_ordinal": 0
              }
            ],
            "is_positional": false
          },
          "rm_type": "DV_TEXT",
          "label": {
            "en": "Type"
          },
          "help": {
            "en": "The type or form of electronic communication."
          },
          "occurrences": {
            "minimum": 0,
            "maximum": 1
          },
          "kind": {
            "text": {
              "patterns": [],
              "options": [],
              "options_closed": false
            }
          },
          "name_constraint": null,
          "is_ordered": false,
          "is_unique": false,
          "null_flavour": {
            "is_offered": true,
            "options": [
              {
                "code": {
                  "terminology": "openehr",
                  "code": "253"
                },
                "rubric": "unknown"
              },
              {
                "code": {
                  "terminology": "openehr",
                  "code": "271"
                },
                "rubric": "no information"
              },
              {
                "code": {
                  "terminology": "openehr",
                  "code": "272"
                },
                "rubric": "masked"
              },
              {
                "code": {
                  "terminology": "openehr",
                  "code": "273"
                },
                "rubric": "not applicable"
              }
            ],
            "accepts_reason": true
          },
          "prefill": null,
          "is_deprecated": false,
          "is_fixed": false
        }
      },
      {
        "field": {
          "key": {
            "steps": [
              {
                "rm_attribute": "",
                "node_id": "at0000",
                "archetype_id": "openEHR-EHR-CLUSTER.electronic_communication.v1",
                "rm_type": "CLUSTER",
                "pinned_name": "Phone - work number",
                "sibling_ordinal": 0
              },
              {
                "rm_attribute": "items",
                "node_id": "at0002",
                "archetype_id": null,
                "rm_type": "ELEMENT",
                "pinned_name": null,
                "sibling_ordinal": 1
              }
            ],
            "is_positional": false
          },
          "rm_type": "DV_TEXT",
          "label": {
            "en": "Value"
          },
          "help": {
            "en": "The unique combination of alphanumeric characters, relevant for representation of 'Type'."
          },
          "occurrences": {
            "minimum": 1,
            "maximum": 1
          },
          "kind": {
            "text": {
              "patterns": [],
              "options": [],
              "options_closed": false
            }
          },
          "name_constraint": null,
          "is_ordered": false,
          "is_unique": false,
          "null_flavour": {
            "is_offered": false,
            "options": [],
            "accepts_reason": false
          },
          "prefill": null,
          "is_deprecated": false,
          "is_fixed": false
        }
      },
      {
        "field": {
          "key": {
            "steps": [
              {
                "rm_attribute": "",
                "node_id": "at0000",
                "archetype_id": "openEHR-EHR-CLUSTER.electronic_communication.v1",
                "rm_type": "CLUSTER",
                "pinned_name": "Phone - work number",
                "sibling_ordinal": 0
              },
              {
                "rm_attribute": "items",
                "node_id": "at0003",
                "archetype_id": null,
                "rm_type": "ELEMENT",
                "pinned_name": null,
                "sibling_ordinal": 2
              }
            ],
            "is_positional": false
          },
          "rm_type": "DV_TEXT",
          "label": {
            "en": "Purpose"
          },
          "help": {
            "en": "The purpose or use for the identified type of electronic communication."
          },
          "occurrences": {
            "minimum": 0,
            "maximum": 1
          },
          "kind": {
            "text": {
              "patterns": [],
              "options": [],
              "options_closed": false
            }
          },
          "name_constraint": null,
          "is_ordered": false,
          "is_unique": false,
          "null_flavour": {
            "is_offered": true,
            "options": [
              {
                "code": {
                  "terminology": "openehr",
                  "code": "253"
                },
                "rubric": "unknown"
              },
              {
                "code": {
                  "terminology": "openehr",
                  "code": "271"
                },
                "rubric": "no information"
              },
              {
                "code": {
                  "terminology": "openehr",
                  "code": "272"
                },
                "rubric": "masked"
              },
              {
                "code": {
                  "terminology": "openehr",
                  "code": "273"
                },
                "rubric": "not applicable"
              }
            ],
            "accepts_reason": true
          },
          "prefill": null,
          "is_deprecated": false,
          "is_fixed": false
        }
      }
    ],
    "undetermined": [
      {
        "key": {
          "steps": [
            {
              "rm_attribute": "",
              "node_id": "at0000",
              "archetype_id": "openEHR-EHR-CLUSTER.electronic_communication.v1",
              "rm_type": "CLUSTER",
              "pinned_name": "Phone - work number",
              "sibling_ordinal": 0
            },
            {
              "rm_attribute": "items",
              "node_id": "at0013",
              "archetype_id": null,
              "rm_type": "CLUSTER",
              "pinned_name": null,
              "sibling_ordinal": 3
            }
          ],
          "is_positional": false
        },
        "rm_type": "CLUSTER",
        "label": {
          "en": "Additional details"
        },
        "occurrences": {
          "minimum": 0,
          "maximum": null
        },
        "reason": {
          "open_slot": {
            "includes": [
              {
                "archetype_id_pattern": "openEHR-EHR-CLUSTER\\.language(-[a-zA-Z0-9_]+)*\\.v1"
              }
            ],
            "excludes": []
          }
        }
      }
    ]
  }
}
